// Vitest Snapshot v1

exports[`search-bar > should match snapshot 1`] = `
.emotion-0 {
  background-color: #fff;
  color: rgba(0, 0, 0, 0.87);
  -webkit-transition: box-shadow 300ms cubic-bezier(0.4, 0, 0.2, 1) 0ms;
  transition: box-shadow 300ms cubic-bezier(0.4, 0, 0.2, 1) 0ms;
  border-radius: 4px;
  box-shadow: 0px 3px 3px -2px rgba(0,0,0,0.2),0px 3px 4px 0px rgba(0,0,0,0.14),0px 1px 8px 0px rgba(0,0,0,0.12);
  padding: 2vw;
}

<div>
  <div
    class="MuiPaper-root MuiPaper-elevation MuiPaper-rounded MuiPaper-elevation3 emotion-0"
  >
    <form
      action="https://www.google.com/search"
      method="get"
      style="display: flex;"
    >
      <input
        name="q"
        placeholder="search.placeholder"
        style="flex: 1; padding: 0.3vw 0.5vw; border-radius: 5px;"
        type="text"
      />
    </form>
  </div>
</div>
`;
