// Vitest Snapshot v1

exports[`app > should match snapshot 1`] = `
.emotion-0 {
  display: grid;
  grid-template-areas: "left-top       search      action-bar" "left-sidebar   speeddial   right-sidebar" "left-sidebar   spacer      right-sidebar" "footer         footer      footer";
  grid-template-columns: 1fr 1150px 1fr;
  grid-template-rows: min-content min-content 1fr min-content;
  gap: 2vw;
  min-height: calc(100vh - 20px);
}

.emotion-1 {
  grid-area: action-bar;
  grid-area: action-bar;
  display: -webkit-box;
  display: -webkit-flex;
  display: -ms-flexbox;
  display: flex;
  -webkit-box-pack: end;
  -ms-flex-pack: end;
  -webkit-justify-content: end;
  justify-content: end;
  -webkit-align-items: start;
  -webkit-box-align: start;
  -ms-flex-align: start;
  align-items: start;
}

.emotion-2 {
  display: -webkit-inline-box;
  display: -webkit-inline-flex;
  display: -ms-inline-flexbox;
  display: inline-flex;
  -webkit-align-items: center;
  -webkit-box-align: center;
  -ms-flex-align: center;
  align-items: center;
  -webkit-box-pack: center;
  -ms-flex-pack: center;
  -webkit-justify-content: center;
  justify-content: center;
  position: relative;
  box-sizing: border-box;
  -webkit-tap-highlight-color: transparent;
  background-color: transparent;
  outline: 0;
  border: 0;
  margin: 0;
  border-radius: 0;
  padding: 0;
  cursor: pointer;
  -webkit-user-select: none;
  -moz-user-select: none;
  -ms-user-select: none;
  user-select: none;
  vertical-align: middle;
  -moz-appearance: none;
  -webkit-appearance: none;
  -webkit-text-decoration: none;
  text-decoration: none;
  color: inherit;
  text-align: center;
  -webkit-flex: 0 0 auto;
  -ms-flex: 0 0 auto;
  flex: 0 0 auto;
  font-size: 1.5rem;
  padding: 8px;
  border-radius: 50%;
  overflow: visible;
  color: rgba(0, 0, 0, 0.54);
  -webkit-transition: background-color 150ms cubic-bezier(0.4, 0, 0.2, 1) 0ms;
  transition: background-color 150ms cubic-bezier(0.4, 0, 0.2, 1) 0ms;
}

.emotion-2::-moz-focus-inner {
  border-style: none;
}

.emotion-2.Mui-disabled {
  pointer-events: none;
  cursor: default;
}

@media print {
  .emotion-2 {
    -webkit-print-color-adjust: exact;
    color-adjust: exact;
  }
}

.emotion-2:hover {
  background-color: rgba(0, 0, 0, 0.04);
}

@media (hover: none) {
  .emotion-2:hover {
    background-color: transparent;
  }
}

.emotion-2.Mui-disabled {
  background-color: transparent;
  color: rgba(0, 0, 0, 0.26);
}

.emotion-3 {
  -webkit-user-select: none;
  -moz-user-select: none;
  -ms-user-select: none;
  user-select: none;
  width: 1em;
  height: 1em;
  display: inline-block;
  fill: currentColor;
  -webkit-flex-shrink: 0;
  -ms-flex-negative: 0;
  flex-shrink: 0;
  -webkit-transition: fill 200ms cubic-bezier(0.4, 0, 0.2, 1) 0ms;
  transition: fill 200ms cubic-bezier(0.4, 0, 0.2, 1) 0ms;
  font-size: 1.5rem;
}

.emotion-4 {
  overflow: hidden;
  pointer-events: none;
  position: absolute;
  z-index: 0;
  top: 0;
  right: 0;
  bottom: 0;
  left: 0;
  border-radius: inherit;
}

.emotion-5 {
  background-color: #fff;
  color: rgba(0, 0, 0, 0.87);
  -webkit-transition: box-shadow 300ms cubic-bezier(0.4, 0, 0.2, 1) 0ms;
  transition: box-shadow 300ms cubic-bezier(0.4, 0, 0.2, 1) 0ms;
  border-radius: 4px;
  box-shadow: 0px 3px 3px -2px rgba(0,0,0,0.2),0px 3px 4px 0px rgba(0,0,0,0.14),0px 1px 8px 0px rgba(0,0,0,0.12);
  grid-area: search;
  padding: 2vw;
}

.emotion-6 {
  background-color: #fff;
  color: rgba(0, 0, 0, 0.87);
  -webkit-transition: box-shadow 300ms cubic-bezier(0.4, 0, 0.2, 1) 0ms;
  transition: box-shadow 300ms cubic-bezier(0.4, 0, 0.2, 1) 0ms;
  border-radius: 4px;
  box-shadow: 0px 3px 3px -2px rgba(0,0,0,0.2),0px 3px 4px 0px rgba(0,0,0,0.14),0px 1px 8px 0px rgba(0,0,0,0.12);
  grid-area: speeddial;
}

.emotion-7 {
  padding: 24px;
  display: -webkit-box;
  display: -webkit-flex;
  display: -ms-flexbox;
  display: flex;
  gap: 16px;
  -webkit-align-items: stretch;
  -webkit-box-align: stretch;
  -ms-flex-align: stretch;
  align-items: stretch;
  -webkit-box-flex-wrap: wrap;
  -webkit-flex-wrap: wrap;
  -ms-flex-wrap: wrap;
  flex-wrap: wrap;
}

.emotion-7>* {
  -webkit-flex-shrink: 0;
  -ms-flex-negative: 0;
  flex-shrink: 0;
}

.emotion-8 {
  background-color: #fff;
  color: rgba(0, 0, 0, 0.87);
  -webkit-transition: box-shadow 300ms cubic-bezier(0.4, 0, 0.2, 1) 0ms;
  transition: box-shadow 300ms cubic-bezier(0.4, 0, 0.2, 1) 0ms;
  border-radius: 4px;
  border: 1px solid rgba(0, 0, 0, 0.12);
  overflow: hidden;
  cursor: pointer;
  width: 150px;
  display: -webkit-box;
  display: -webkit-flex;
  display: -ms-flexbox;
  display: flex;
  -webkit-box-pack: center;
  -ms-flex-pack: center;
  -webkit-justify-content: center;
  justify-content: center;
  -webkit-align-items: stretch;
  -webkit-box-align: stretch;
  -ms-flex-align: stretch;
  align-items: stretch;
}

.emotion-9 {
  padding: 16px;
  display: -webkit-box;
  display: -webkit-flex;
  display: -ms-flexbox;
  display: flex;
  -webkit-box-pack: center;
  -ms-flex-pack: center;
  -webkit-justify-content: center;
  justify-content: center;
  -webkit-align-items: center;
  -webkit-box-align: center;
  -ms-flex-align: center;
  align-items: center;
  -webkit-flex-direction: column;
  -ms-flex-direction: column;
  flex-direction: column;
  padding: 0;
  -webkit-flex: 1;
  -ms-flex: 1;
  flex: 1;
}

.emotion-9:last-child {
  padding-bottom: 24px;
}

.emotion-9:last-child {
  padding: 0;
}

.emotion-10 {
  -webkit-user-select: none;
  -moz-user-select: none;
  -ms-user-select: none;
  user-select: none;
  width: 1em;
  height: 1em;
  display: inline-block;
  fill: currentColor;
  -webkit-flex-shrink: 0;
  -ms-flex-negative: 0;
  flex-shrink: 0;
  -webkit-transition: fill 200ms cubic-bezier(0.4, 0, 0.2, 1) 0ms;
  transition: fill 200ms cubic-bezier(0.4, 0, 0.2, 1) 0ms;
  font-size: 2.1875rem;
}

.emotion-11 {
  grid-area: footer;
  text-align: center;
}

.emotion-12 {
  margin: 0;
  font-family: "Roboto","Helvetica","Arial",sans-serif;
  font-weight: 400;
  font-size: 1rem;
  line-height: 1.5;
  letter-spacing: 0.00938em;
}

.emotion-13 {
  margin: 0;
  color: #1976d2;
  -webkit-text-decoration: underline;
  text-decoration: underline;
  text-decoration-color: rgba(25, 118, 210, 0.4);
}

.emotion-13:hover {
  text-decoration-color: inherit;
}

<div>
  <div
    class="MuiBox-root emotion-0"
  >
    <div
      class="MuiBox-root emotion-1"
    >
      <button
        aria-label="tooltips.settings"
        class="MuiButtonBase-root MuiIconButton-root MuiIconButton-sizeMedium emotion-2"
        tabindex="0"
        title="tooltips.settings"
        type="button"
      >
        <svg
          aria-hidden="true"
          class="MuiSvgIcon-root MuiSvgIcon-fontSizeMedium emotion-3"
          data-testid="CogIcon"
          focusable="false"
          viewBox="0 0 24 24"
        >
          <path
            d="M12,15.5A3.5,3.5 0 0,1 8.5,12A3.5,3.5 0 0,1 12,8.5A3.5,3.5 0 0,1 15.5,12A3.5,3.5 0 0,1 12,15.5M19.43,12.97C19.47,12.65 19.5,12.33 19.5,12C19.5,11.67 19.47,11.34 19.43,11L21.54,9.37C21.73,9.22 21.78,8.95 21.66,8.73L19.66,5.27C19.54,5.05 19.27,4.96 19.05,5.05L16.56,6.05C16.04,5.66 15.5,5.32 14.87,5.07L14.5,2.42C14.46,2.18 14.25,2 14,2H10C9.75,2 9.54,2.18 9.5,2.42L9.13,5.07C8.5,5.32 7.96,5.66 7.44,6.05L4.95,5.05C4.73,4.96 4.46,5.05 4.34,5.27L2.34,8.73C2.21,8.95 2.27,9.22 2.46,9.37L4.57,11C4.53,11.34 4.5,11.67 4.5,12C4.5,12.33 4.53,12.65 4.57,12.97L2.46,14.63C2.27,14.78 2.21,15.05 2.34,15.27L4.34,18.73C4.46,18.95 4.73,19.03 4.95,18.95L7.44,17.94C7.96,18.34 8.5,18.68 9.13,18.93L9.5,21.58C9.54,21.82 9.75,22 10,22H14C14.25,22 14.46,21.82 14.5,21.58L14.87,18.93C15.5,18.67 16.04,18.34 16.56,17.94L19.05,18.95C19.27,19.03 19.54,18.95 19.66,18.73L21.66,15.27C21.78,15.05 21.73,14.78 21.54,14.63L19.43,12.97Z"
          />
        </svg>
        <span
          class="MuiTouchRipple-root emotion-4"
        />
      </button>
    </div>
    <div
      class="MuiPaper-root MuiPaper-elevation MuiPaper-rounded MuiPaper-elevation3 emotion-5"
    >
      <form
        action="https://www.google.com/search"
        method="get"
        style="display: flex;"
      >
        <input
          name="q"
          placeholder="search.placeholder"
          style="flex: 1; padding: 0.3vw 0.5vw; border-radius: 5px;"
          type="text"
        />
      </form>
    </div>
    <div
      class="MuiPaper-root MuiPaper-elevation MuiPaper-rounded MuiPaper-elevation3 emotion-6"
    >
      <div
        class="MuiBox-root emotion-7"
      >
        <div
          class="MuiPaper-root MuiPaper-outlined MuiPaper-rounded MuiCard-root emotion-8"
        >
          <div
            class="MuiCardContent-root emotion-9"
          >
            <svg
              aria-hidden="true"
              aria-label="tooltips.add_link_or_group"
              class="MuiSvgIcon-root MuiSvgIcon-fontSizeLarge emotion-10"
              color="grey"
              data-testid="AddIcon"
              focusable="false"
              viewBox="0 0 24 24"
            >
              <path
                d="M19 13h-6v6h-2v-6H5v-2h6V5h2v6h6v2z"
              />
            </svg>
          </div>
        </div>
      </div>
    </div>
    <div
      id="DndDescribedBy-0"
      style="display: none;"
    >
      
    To pick up a draggable item, press the space bar.
    While dragging, use the arrow keys to move the item.
    Press space again to drop the item in its new position, or press escape to cancel.
  
    </div>
    <div
      aria-atomic="true"
      aria-live="assertive"
      id="DndLiveRegion-0"
      role="status"
      style="position: fixed; width: 1px; height: 1px; margin: -1px; border: 0px; padding: 0px; overflow: hidden; clip-path: inset(100%); white-space: nowrap;"
    />
    <div
      style="grid-area: spacer;"
    />
    <div
      class="MuiBox-root emotion-11"
    >
      <p
        class="MuiTypography-root MuiTypography-body1 emotion-12"
      >
        Â©
         
        <a
          class="MuiTypography-root MuiTypography-inherit MuiLink-root MuiLink-underlineAlways emotion-13"
          href="https://github.com/burtek"
          referrerpolicy="no-referrer"
          rel="noopener noreferrer nofollow"
          target="_blank"
        >
          burtek
        </a>
         2023 | 
        <a
          class="MuiTypography-root MuiTypography-inherit MuiLink-root MuiLink-underlineAlways emotion-13"
          href="https://github.com/burtek/speeddial"
          referrerpolicy="no-referrer"
          rel="noopener noreferrer nofollow"
          target="_blank"
        >
          footer.openSource
        </a>
         | footer.build test
      </p>
    </div>
  </div>
</div>
`;
